app/(tabs)/learn.tsx(9,40): error TS2306: File 'C:/Users/Student/Desktop/BlueBot/components/EnhancedFinancialEducation.tsx' is not a module.
app/_layout.tsx(10,41): error TS2306: File 'C:/Users/Student/Desktop/BlueBot/components/AccessibilityFloatingButton.tsx' is not a module.
app/financial-education.tsx(9,40): error TS2306: File 'C:/Users/Student/Desktop/BlueBot/components/EnhancedFinancialEducation.tsx' is not a module.
components/ReceiptScanner.tsx(55,28): error TS2749: 'Camera' refers to a value, but is being used as a type here. Did you mean 'typeof Camera'?
contexts/CryptoContext.tsx(129,32): error TS2339: Property 'mnemonic' does not exist on type 'Wallet'.
contexts/CryptoContext.tsx(202,29): error TS2339: Property 'mnemonic' does not exist on type 'Wallet'.
contexts/CryptoContext.tsx(229,36): error TS2339: Property 'fromPhrase' does not exist on type 'typeof Wallet'.
contexts/CryptoContext.tsx(409,21): error TS2339: Property 'isAddress' does not exist on type '{ Wallet: typeof Wallet; providers: typeof providers; utils: any; BigNumber: any; }'.
contexts/DatabaseContext.tsx(1,17): error TS2305: Module '"react"' has no exported member 'createContext'.
contexts/DatabaseContext.tsx(1,32): error TS2305: Module '"react"' has no exported member 'useContext'.
contexts/DatabaseContext.tsx(1,44): error TS2305: Module '"react"' has no exported member 'useEffect'.
contexts/DatabaseContext.tsx(1,55): error TS2305: Module '"react"' has no exported member 'useState'.
contexts/DatabaseContext.tsx(1,65): error TS2305: Module '"react"' has no exported member 'ReactNode'.
contexts/DatabaseContext.tsx(1,82): error TS2497: This module can only be referenced with ECMAScript imports/exports by turning on the 'allowSyntheticDefaultImports' flag and referencing its default export.
contexts/DatabaseContext.tsx(316,5): error TS2322: Type 'unknown[]' is not assignable to type 'string[]'.
  Type 'unknown' is not assignable to type 'string'.
contexts/EnhancedDatabaseContext.tsx(723,5): error TS2322: Type 'unknown[]' is not assignable to type 'string[]'.
  Type 'unknown' is not assignable to type 'string'.
contexts/GamificationContext.tsx(87,13): error TS2304: Cannot find name 'ReactNode'.
contexts/WalletContext.tsx(70,13): error TS2304: Cannot find name 'ReactNode'.
hooks/useFrameworkReady.ts(1,24): error TS2497: This module can only be referenced with ECMAScript imports/exports by turning on the 'allowSyntheticDefaultImports' flag and referencing its default export.
services/receiptOCR.ts(31,7): error TS2740: Type 'Worker' is missing the following properties from type 'Worker': load, writeText, readText, removeText, and 5 more.
services/receiptOCR.ts(32,25): error TS2339: Property 'loadLanguage' does not exist on type 'Worker'.
services/receiptOCR.ts(33,25): error TS2551: Property 'initialize' does not exist on type 'Worker'. Did you mean 'reinitialize'?
services/VoiceInteraction.ts(206,9): error TS2353: Object literal may only specify known properties, and 'onDone' does not exist in type 'SpeechOptions'.
